mode: set
github.com/aleksaan/diskusage/diskusage/common.go:24.59,31.33 3 1
github.com/aleksaan/diskusage/diskusage/common.go:41.2,41.16 1 1
github.com/aleksaan/diskusage/diskusage/common.go:31.33,33.17 2 1
github.com/aleksaan/diskusage/diskusage/common.go:36.3,38.33 3 1
github.com/aleksaan/diskusage/diskusage/common.go:33.17,35.4 1 0
github.com/aleksaan/diskusage/diskusage/common.go:47.46,54.16 5 1
github.com/aleksaan/diskusage/diskusage/common.go:59.2,61.18 2 1
github.com/aleksaan/diskusage/diskusage/common.go:65.2,65.10 1 1
github.com/aleksaan/diskusage/diskusage/common.go:54.16,57.3 2 0
github.com/aleksaan/diskusage/diskusage/common.go:61.18,63.3 1 1
github.com/aleksaan/diskusage/diskusage/common.go:69.61,75.32 4 1
github.com/aleksaan/diskusage/diskusage/common.go:86.2,87.48 2 1
github.com/aleksaan/diskusage/diskusage/common.go:75.32,78.3 2 0
github.com/aleksaan/diskusage/diskusage/common.go:78.8,79.43 1 1
github.com/aleksaan/diskusage/diskusage/common.go:79.43,81.36 2 1
github.com/aleksaan/diskusage/diskusage/common.go:81.36,82.10 1 1
github.com/aleksaan/diskusage/diskusage/input_args.go:28.52,32.22 4 0
github.com/aleksaan/diskusage/diskusage/input_args.go:35.2,36.12 2 0
github.com/aleksaan/diskusage/diskusage/input_args.go:32.22,34.3 1 0
github.com/aleksaan/diskusage/diskusage/input_args.go:40.49,41.16 1 0
github.com/aleksaan/diskusage/diskusage/input_args.go:45.2,46.12 2 0
github.com/aleksaan/diskusage/diskusage/input_args.go:41.16,44.3 2 0
github.com/aleksaan/diskusage/diskusage/input_args.go:50.56,51.60 1 0
github.com/aleksaan/diskusage/diskusage/input_args.go:54.2,54.23 1 0
github.com/aleksaan/diskusage/diskusage/input_args.go:57.2,57.12 1 0
github.com/aleksaan/diskusage/diskusage/input_args.go:51.60,53.3 1 0
github.com/aleksaan/diskusage/diskusage/input_args.go:54.23,56.3 1 0
github.com/aleksaan/diskusage/diskusage/input_args.go:61.49,62.16 1 0
github.com/aleksaan/diskusage/diskusage/input_args.go:65.2,65.12 1 0
github.com/aleksaan/diskusage/diskusage/input_args.go:62.16,64.3 1 0
github.com/aleksaan/diskusage/diskusage/input_args.go:69.44,76.2 6 0
github.com/aleksaan/diskusage/diskusage/input_args.go:79.42,101.2 9 0
github.com/aleksaan/diskusage/diskusage/types.go:26.41,26.58 1 0
github.com/aleksaan/diskusage/diskusage/types.go:27.41,27.68 1 0
github.com/aleksaan/diskusage/diskusage/types.go:28.41,28.73 1 0
github.com/aleksaan/diskusage/diskusage/types.go:32.45,32.62 1 0
github.com/aleksaan/diskusage/diskusage/types.go:33.45,33.72 1 0
github.com/aleksaan/diskusage/diskusage/types.go:34.45,34.77 1 0
github.com/aleksaan/diskusage/diskusage/types.go:39.52,40.9 1 0
github.com/aleksaan/diskusage/diskusage/types.go:41.39,42.36 1 0
github.com/aleksaan/diskusage/diskusage/types.go:43.35,44.32 1 0
github.com/aleksaan/diskusage/diskusage/types.go:45.10,45.10 0 0
github.com/aleksaan/diskusage/diskusage/types.go:52.52,55.27 3 0
github.com/aleksaan/diskusage/diskusage/types.go:65.2,65.15 1 0
github.com/aleksaan/diskusage/diskusage/types.go:55.27,56.33 1 0
github.com/aleksaan/diskusage/diskusage/types.go:56.33,60.32 3 0
github.com/aleksaan/diskusage/diskusage/types.go:60.32,61.10 1 0
github.com/aleksaan/diskusage/diskusage/types.go:71.40,77.27 4 0
github.com/aleksaan/diskusage/diskusage/types.go:77.27,78.33 1 0
github.com/aleksaan/diskusage/diskusage/types.go:78.33,83.32 3 0
github.com/aleksaan/diskusage/diskusage/types.go:83.32,84.10 1 0
